[  1%] Built target gnss_sdr_flags
[  2%] Built target conditioner_adapters
[  3%] Built target telemetry_decoder_libswiftcnav
[  3%] Built target observables_libs
[  6%] Built target core_system_parameters
[  7%] Built target core_monitor
[  9%] Built target volk_gnsssdr_module
[  9%] Built target data_type_gr_blocks
[ 14%] Built target algorithms_libs
[ 14%] Building CXX object src/algorithms/acquisition/libs/CMakeFiles/acquisition_libs.dir/acq_conf.cc.o
[ 14%] Built target obs_gr_blocks
[ 14%] Built target signal_generator_gr_blocks
[ 14%] Built target resampler_gr_blocks
[ 15%] Built target telemetry_decoder_libs
[ 15%] Built target input_filter_gr_blocks
[ 17%] Built target obs_adapters
[ 18%] Built target data_type_adapters
[ 19%] Built target signal_generator_adapters
[ 20%] Built target resampler_adapters
[ 22%] Built target tracking_libs
[ 24%] Built target algorithms_libs_rtklib
[ 25%] Built target input_filter_adapters
[ 26%] Built target tracking_gr_blocks
[ 29%] Built target pvt_libs
[ 29%] Built target pvt_gr_blocks
[ 32%] Built target tracking_adapters
[ 33%] Built target pvt_adapters
[ 33%] Linking CXX static library libacquisition_libs.a
[ 33%] Built target acquisition_libs
[ 81%] Built target core_libs_supl
[ 83%] Built target core_libs
[ 83%] Built target channel_libs
[ 83%] Built target signal_source_libs
[ 84%] Built target channel_adapters
[ 85%] Built target telemetry_decoder_gr_blocks
[ 87%] Built target signal_source_gr_blocks
[ 90%] Built target telemetry_decoder_adapters
[ 93%] Built target signal_source_adapters
[ 93%] Building CXX object src/algorithms/acquisition/gnuradio_blocks/CMakeFiles/acquisition_gr_blocks.dir/galileo_e5a_noncoherent_iq_acquisition_caf_cc.cc.o
[ 93%] Building CXX object src/algorithms/acquisition/gnuradio_blocks/CMakeFiles/acquisition_gr_blocks.dir/galileo_pcps_8ms_acquisition_cc.cc.o
[ 94%] Building CXX object src/algorithms/acquisition/gnuradio_blocks/CMakeFiles/acquisition_gr_blocks.dir/pcps_acquisition.cc.o
[ 94%] Building CXX object src/algorithms/acquisition/gnuradio_blocks/CMakeFiles/acquisition_gr_blocks.dir/pcps_acquisition_fine_doppler_cc.cc.o
[ 94%] Building CXX object src/algorithms/acquisition/gnuradio_blocks/CMakeFiles/acquisition_gr_blocks.dir/pcps_assisted_acquisition_cc.cc.o
[ 94%] Building CXX object src/algorithms/acquisition/gnuradio_blocks/CMakeFiles/acquisition_gr_blocks.dir/pcps_cccwsr_acquisition_cc.cc.o
[ 94%] Building CXX object src/algorithms/acquisition/gnuradio_blocks/CMakeFiles/acquisition_gr_blocks.dir/pcps_quicksync_acquisition_cc.cc.o
[ 94%] Building CXX object src/algorithms/acquisition/gnuradio_blocks/CMakeFiles/acquisition_gr_blocks.dir/pcps_tong_acquisition_cc.cc.o
[ 95%] Linking CXX static library libacquisition_gr_blocks.a
[ 95%] Built target acquisition_gr_blocks
[ 95%] Building CXX object src/algorithms/acquisition/adapters/CMakeFiles/acquisition_adapters.dir/base_pcps_acquisition.cc.o
[ 95%] Building CXX object src/algorithms/acquisition/adapters/CMakeFiles/acquisition_adapters.dir/base_pcps_acquisition_custom.cc.o
[ 95%] Building CXX object src/algorithms/acquisition/adapters/CMakeFiles/acquisition_adapters.dir/beidou_b1i_pcps_acquisition.cc.o
[ 95%] Building CXX object src/algorithms/acquisition/adapters/CMakeFiles/acquisition_adapters.dir/beidou_b3i_pcps_acquisition.cc.o
[ 95%] Building CXX object src/algorithms/acquisition/adapters/CMakeFiles/acquisition_adapters.dir/galileo_e1_pcps_8ms_ambiguous_acquisition.cc.o
[ 95%] Building CXX object src/algorithms/acquisition/adapters/CMakeFiles/acquisition_adapters.dir/galileo_e1_pcps_ambiguous_acquisition.cc.o
[ 96%] Building CXX object src/algorithms/acquisition/adapters/CMakeFiles/acquisition_adapters.dir/galileo_e1_pcps_cccwsr_ambiguous_acquisition.cc.o
[ 96%] Building CXX object src/algorithms/acquisition/adapters/CMakeFiles/acquisition_adapters.dir/galileo_e1_pcps_quicksync_ambiguous_acquisition.cc.o
[ 96%] Building CXX object src/algorithms/acquisition/adapters/CMakeFiles/acquisition_adapters.dir/galileo_e1_pcps_tong_ambiguous_acquisition.cc.o
[ 96%] Building CXX object src/algorithms/acquisition/adapters/CMakeFiles/acquisition_adapters.dir/galileo_e5a_noncoherent_iq_acquisition_caf.cc.o
[ 96%] Building CXX object src/algorithms/acquisition/adapters/CMakeFiles/acquisition_adapters.dir/galileo_e5a_pcps_acquisition.cc.o
[ 96%] Building CXX object src/algorithms/acquisition/adapters/CMakeFiles/acquisition_adapters.dir/galileo_e5b_pcps_acquisition.cc.o
[ 96%] Building CXX object src/algorithms/acquisition/adapters/CMakeFiles/acquisition_adapters.dir/galileo_e6_pcps_acquisition.cc.o
[ 97%] Building CXX object src/algorithms/acquisition/adapters/CMakeFiles/acquisition_adapters.dir/glonass_l1_ca_pcps_acquisition.cc.o
[ 97%] Building CXX object src/algorithms/acquisition/adapters/CMakeFiles/acquisition_adapters.dir/glonass_l2_ca_pcps_acquisition.cc.o
[ 97%] Building CXX object src/algorithms/acquisition/adapters/CMakeFiles/acquisition_adapters.dir/gps_l1_ca_pcps_acquisition.cc.o
[ 97%] Building CXX object src/algorithms/acquisition/adapters/CMakeFiles/acquisition_adapters.dir/gps_l1_ca_pcps_acquisition_fine_doppler.cc.o
[ 97%] Building CXX object src/algorithms/acquisition/adapters/CMakeFiles/acquisition_adapters.dir/gps_l1_ca_pcps_assisted_acquisition.cc.o
[ 97%] Building CXX object src/algorithms/acquisition/adapters/CMakeFiles/acquisition_adapters.dir/gps_l1_ca_pcps_quicksync_acquisition.cc.o
[ 97%] Building CXX object src/algorithms/acquisition/adapters/CMakeFiles/acquisition_adapters.dir/gps_l1_ca_pcps_tong_acquisition.cc.o
[ 98%] Building CXX object src/algorithms/acquisition/adapters/CMakeFiles/acquisition_adapters.dir/gps_l2_m_pcps_acquisition.cc.o
[ 98%] Building CXX object src/algorithms/acquisition/adapters/CMakeFiles/acquisition_adapters.dir/gps_l5i_pcps_acquisition.cc.o
[ 98%] Building CXX object src/algorithms/acquisition/adapters/CMakeFiles/acquisition_adapters.dir/qzss_l1_pcps_acquisition.cc.o
[ 98%] Building CXX object src/algorithms/acquisition/adapters/CMakeFiles/acquisition_adapters.dir/qzss_l5i_pcps_acquisition.cc.o
[ 98%] Linking CXX static library libacquisition_adapters.a
[ 98%] Built target acquisition_adapters
[ 98%] Building CXX object src/core/receiver/CMakeFiles/core_receiver.dir/gnss_block_factory.cc.o
[ 99%] Linking CXX static library libcore_receiver.a
[ 99%] Built target core_receiver
[ 99%] Built target front_end_cal_lib
[ 99%] Linking CXX executable gnss-sdr
[100%] Building CXX object utils/front-end-cal/CMakeFiles/front-end-cal.dir/main.cc.o
[100%] Built target gnss-sdr
[100%] Linking CXX executable front-end-cal
[100%] Built target front-end-cal
BUILD4_EXIT=0
